[33mΓ¥»[39m Building...
[32mΓ£ö[39m Building...
Application bundle generation failed. [3.522 seconds]

node.exe : 
[1m[31m[31mX [41;
31m[[41;97mERROR[41
;31m][0m 
[1mTS-992003: No 
suitable injection 
token for parameter 
'api' of class 'FlipC
ardsGameComponent'.
At C:\Users\Zbook Pow
er\AppData\Roaming\np
m\ng.ps1:24 char:5
+     & "node$exe"  "
$basedir/node_modules
/@angular/cli/bin/ng.
js" $arg ...
+     ~~~~~~~~~~~~~~~
~~~~~~~~~~~~~~~~~~~~~
~~~~~~~~~~~~~~~~~~~~~
~~~~~~~~
    + CategoryInfo   
           : NotSpe  
  cified: ([1m[3   
 1m[31mX...GameC    
omponent'.:Strin    
g) [], RemoteExc    
eption
    + FullyQualified 
   ErrorId : Native  
  CommandError
 
  Consider using the 
@Inject decorator to 
specify an injection 
token.[0m 
[1m[35m[plugin 
angular-compiler][0m

    src/app/component
s/flip-cards-game/fli
p-cards-game.componen
t.ts:107:12:
[37m      107 Γöé   
  private 
[32mapi[37m: 
ApiService
          Γò╡        
     [32m~~~[0m

  This type does not 
have a value, so it 
cannot be used as 
injection token.

    src/app/component
s/flip-cards-game/fli
p-cards-game.componen
t.ts:107:17:
[37m      107 Γöé   
  private api: 
[32mApiService[37m
          Γò╡        
          
[32m~~~~~~~~~~[0m


[31mX [41;31m[[41;
97mERROR[41;31m][0m
 [1mTS2304: Cannot 
find name 
'ApiService'.[0m 
[1m[35m[plugin 
angular-compiler][0m

    src/app/component
s/flip-cards-game/fli
p-cards-game.componen
t.ts:107:17:
[37m      107 Γöé   
  private api: 
[32mApiService[37m
          Γò╡        
          
[32m~~~~~~~~~~[0m


[31mX [41;31m[[41;
97mERROR[41;31m][0m
 [1mTS7006: 
Parameter 'data' 
implicitly has an 
'any' type.[0m 
[1m[35m[plugin 
angular-compiler][0m

    src/app/component
s/flip-cards-game/fli
p-cards-game.componen
t.ts:120:13:
[37m      120 Γöé   
    next: 
([32mdata[37m) => {
          Γò╡        
      [32m~~~~[0m


[31mX [41;31m[[41;
97mERROR[41;31m][0m
 [1mTS7006: 
Parameter 'q' 
implicitly has an 
'any' type.[0m 
[1m[35m[plugin 
angular-compiler][0m

    src/app/component
s/flip-cards-game/fli
p-cards-game.componen
t.ts:122:43:
[37m      122 Γöé 
...t pairs = 
data.slice(0, 
6).map([32mq[37m 
=> ({ // Limit to 6 
pairs (12...
          Γò╡        
                     
      [32m^[0m


[31mX [41;31m[[41;
97mERROR[41;31m][0m
 [1mTS7006: 
Parameter 'err' 
implicitly has an 
'any' type.[0m 
[1m[35m[plugin 
angular-compiler][0m

    src/app/component
s/flip-cards-game/fli
p-cards-game.componen
t.ts:129:14:
[37m      129 Γöé   
    error: 
([32merr[37m) => 
console.error(err)
          Γò╡        
       [32m~~~[0m


[31mX [41;31m[[41;
97mERROR[41;31m][0m
 [1mTS-992003: No 
suitable injection 
token for parameter 
'api' of class 'Match
ingGameComponent'.
  Consider using the 
@Inject decorator to 
specify an injection 
token.[0m 
[1m[35m[plugin 
angular-compiler][0m

    src/app/component
s/matching-game/match
ing-game.component.ts
:111:12:
[37m      111 Γöé   
  private 
[32mapi[37m: 
ApiService
          Γò╡        
     [32m~~~[0m

  This type does not 
have a value, so it 
cannot be used as 
injection token.

    src/app/component
s/matching-game/match
ing-game.component.ts
:111:17:
[37m      111 Γöé   
  private api: 
[32mApiService[37m
          Γò╡        
          
[32m~~~~~~~~~~[0m


[31mX [41;31m[[41;
97mERROR[41;31m][0m
 [1mTS2304: Cannot 
find name 
'ApiService'.[0m 
[1m[35m[plugin 
angular-compiler][0m

    src/app/component
s/matching-game/match
ing-game.component.ts
:111:17:
[37m      111 Γöé   
  private api: 
[32mApiService[37m
          Γò╡        
          
[32m~~~~~~~~~~[0m


[31mX [41;31m[[41;
97mERROR[41;31m][0m
 [1mTS7006: 
Parameter 'data' 
implicitly has an 
'any' type.[0m 
[1m[35m[plugin 
angular-compiler][0m

    src/app/component
s/matching-game/match
ing-game.component.ts
:124:13:
[37m      124 Γöé   
    next: 
([32mdata[37m) => {
          Γò╡        
      [32m~~~~[0m


[31mX [41;31m[[41;
97mERROR[41;31m][0m
 [1mTS7006: 
Parameter 'q' 
implicitly has an 
'any' type.[0m 
[1m[35m[plugin 
angular-compiler][0m

    src/app/component
s/matching-game/match
ing-game.component.ts
:125:31:
[37m      125 Γöé   
      const pairs = 
data.map([32mq[37m 
=> ({
          Γò╡        
                     
   [32m^[0m


[31mX [41;31m[[41;
97mERROR[41;31m][0m
 [1mTS7006: 
Parameter 'err' 
implicitly has an 
'any' type.[0m 
[1m[35m[plugin 
angular-compiler][0m

    src/app/component
s/matching-game/match
ing-game.component.ts
:132:14:
[37m      132 Γöé   
    error: 
([32merr[37m) => {
          Γò╡        
       [32m~~~[0m

[39m[22m
