[33mΓ¥»[39m Building...
[32mΓ£ö[39m Building...
[1mInitial chunk files[22m  [2m | [22m[1mNames[22m        [2m | [22m[1mRaw size[22m[2m | [22m[1mEstimated transfer size[22m
[32mmain-UF63YN66.js[39m     [2m | [22m[2mmain[22m         [2m | [22m [36m1.20 MB[39m[2m | [22m              [36m228.32 kB[39m
[32mstyles-4ATUPPFK.css[39m  [2m | [22m[2mstyles[22m       [2m | [22m[36m99.26 kB[39m[2m | [22m               [36m12.47 kB[39m
[32mchunk-NLBOHPFZ.js[39m    [2m | [22m[2m-[22m            [2m | [22m[36m49.51 kB[39m[2m | [22m               [36m14.20 kB[39m
[32mpolyfills-B6TNHZQ6.js[39m[2m | [22m[2mpolyfills[22m    [2m | [22m[36m34.58 kB[39m[2m | [22m               [36m11.32 kB[39m

[1m [22m                    [2m | [22m[1mInitial total[22m[2m | [22m [1m1.38 MB[22m[2m | [22m              [1m266.31 kB[22m

[1mLazy chunk files[22m     [2m | [22m[1mNames[22m        [2m | [22m[1mRaw size[22m[2m | [22m[1mEstimated transfer size[22m
[32mchunk-GW2G4AFQ.js[39m    [2m | [22m[2mindex[22m        [2m | [22m [36m4.29 kB[39m[2m | [22m                [36m1.38 kB[39m

Application bundle generation complete. [30.655 seconds]

npx : [1m[33m[33mΓû▓ 
[43;33m[[43;30mWARNING[43;33m][0m [1mNG8107: 
The left side of this optional chain operation 
does not include 'null' or 'undefined' in its 
type, therefore the '?.' operator can be replaced 
with the '.' operator.[0m [1m[35m[plugin 
angular-compiler][0m
At line:1 char:1
+ npx ng build 2>&1 > build_output.txt; 
Get-Content build_output.txt |  ...
+ ~~~~~~~~~~~~~~~~~~~~~~~~~~~~~~~~~~~~
    + CategoryInfo          : NotSpecified: ([1m 
   [33m[33mΓ...r-compiler][0m:String) [], Rem  
  oteException
    + FullyQualifiedErrorId : NativeCommandError
 

    src/app/components/drag-drop-game/drag-drop-ga
me.component.html:232:93:
[37m      232 Γöé ...mobile-zone-counter">{{ 
zoneItems[zone.id]?.[32mlength[37m || 0 
}}</span>
          Γò╡                                     
           [32m~~~~~~[0m

  Error occurs in the template of component 
DragDropGameComponent.

    src/app/components/drag-drop-game/drag-drop-ga
me.component.ts:16:15:
[37m      16 Γöé   templateUrl: 
[32m'./drag-drop-game.component.html'[37m,
         Γò╡                
[32m~~~~~~~~~~~~~~~~~~~~~~~~~~~~~~~~~[0m


[33mΓû▓ [43;33m[[43;30mWARNING[43;33m][0m [1
msrc/app/components/flip-cards-game/flip-cards-gam
e.component.css exceeded maximum budget. Budget 
20.00 kB was not met by 57 bytes with a total of 
20.06 kB.[0m


[33mΓû▓ [43;33m[[43;30mWARNING[43;33m][0m 
[1mModule 'sweetalert2' used by 'src/app/componen
ts/admin-dragdrop-questions/list/admin-dragdrop-qu
estions-list.component.ts' is not ESM[0m

  CommonJS or AMD dependencies can cause 
optimization bailouts.
  For more information see: [4mhttps://angular.de
v/tools/cli/build#configuring-commonjs-dependencie
s[0m

[39m[22m
Output location: D:\SmartShcool\Frontend\nafes-platform\dist\nafes-platform

